// Jest Snapshot v1, https://goo.gl/fbAQLP

exports[`The settings page Must be rendered correctly 1`] = `
<div>
  <form>
    <input
      placeholder="Type here the name of the attendees"
      type="text"
      value=""
    />
    <button
      disabled=""
    >
      Add
    </button>
    
  </form>
  <ul />
  <footer>
    <button
      disabled=""
    >
      Start game
    </button>
  </footer>
</div>
`;
